student@mca28:~/njj/html$ git init
Initialized empty Git repository in /home/student/njj/html/.git/
student@mca28:~/njj/html$ git status
On branch master

No commits yet

Untracked files:
  (use "git add <file>..." to include in what will be committed)
	college.jpg
	digi.png
	external.css
	externalhtml.html
	frame/
	inline.html
	internal.html
	logo.png
	mca.jpeg
	net.png
	net1.jpeg
	program 3/
	program 4/
	program1/
	program2/
	registration with css/
	soft.png

nothing added to commit but untracked files present (use "git add" to track)
student@mca28:~/njj/html$ git add .
student@mca28:~/njj/html$ git status
On branch master

No commits yet

Changes to be committed:
  (use "git rm --cached <file>..." to unstage)
	new file:   college.jpg
	new file:   digi.png
	new file:   external.css
	new file:   externalhtml.html
	new file:   frame/floating.html
	new file:   frame/frame.html
	new file:   frame/pages.html
	new file:   frame/start.html
	new file:   frame/thankyou.png
	new file:   frame/welcome.html
	new file:   inline.html
	new file:   internal.html
	new file:   logo.png
	new file:   mca.jpeg
	new file:   net.png
	new file:   net1.jpeg
	new file:   program 3/Screenshot from 2025-09-20 14-32-58.png
	new file:   program 3/Screenshot from 2025-09-20 14-34-52.png
	new file:   program 3/regitration.html
	new file:   program 4/about.html
	new file:   program 4/contact.html
	new file:   program 4/ecommerce.html
	new file:   program 4/service.html
	new file:   program1/Screenshot from 2025-09-10 13-43-32.png
	new file:   program1/tag.html
	new file:   program2/Screenshot from 2025-09-10 15-05-28.png
	new file:   program2/Screenshot from 2025-09-10 15-05-32.png
	new file:   program2/Screenshot from 2025-09-10 15-05-33.png
	new file:   program2/Screenshot from 2025-09-10 15-05-37.png
	new file:   program2/cev.jpg
	new file:   program2/college.html
	new file:   program2/contact.html
	new file:   program2/image.html
	new file:   program2/table.html
	new file:   registration with css/reg.css
	new file:   registration with css/regitration.html
	new file:   soft.png

student@mca28:~/njj/html$ git commit -m "web"
[master (root-commit) 18c2162] web
 37 files changed, 587 insertions(+)
 create mode 100644 college.jpg
 create mode 100644 digi.png
 create mode 100644 external.css
 create mode 100644 externalhtml.html
 create mode 100644 frame/floating.html
 create mode 100644 frame/frame.html
 create mode 100644 frame/pages.html
 create mode 100644 frame/start.html
 create mode 100644 frame/thankyou.png
 create mode 100644 frame/welcome.html
 create mode 100644 inline.html
 create mode 100644 internal.html
 create mode 100644 logo.png
 create mode 100644 mca.jpeg
 create mode 100644 net.png
 create mode 100644 net1.jpeg
 create mode 100644 program 3/Screenshot from 2025-09-20 14-32-58.png
 create mode 100644 program 3/Screenshot from 2025-09-20 14-34-52.png
 create mode 100644 program 3/regitration.html
 create mode 100644 program 4/about.html
 create mode 100644 program 4/contact.html
 create mode 100644 program 4/ecommerce.html
 create mode 100644 program 4/service.html
 create mode 100644 program1/Screenshot from 2025-09-10 13-43-32.png
 create mode 100644 program1/tag.html
 create mode 100644 program2/Screenshot from 2025-09-10 15-05-28.png
 create mode 100644 program2/Screenshot from 2025-09-10 15-05-32.png
 create mode 100644 program2/Screenshot from 2025-09-10 15-05-33.png
 create mode 100644 program2/Screenshot from 2025-09-10 15-05-37.png
 create mode 100644 program2/cev.jpg
 create mode 100644 program2/college.html
 create mode 100644 program2/contact.html
 create mode 100644 program2/image.html
 create mode 100644 program2/table.html
 create mode 100644 registration with css/reg.css
 create mode 100644 registration with css/regitration.html
 create mode 100644 soft.png
student@mca28:~/njj/html$ git push
fatal: No configured push destination.
Either specify the URL from the command-line or configure a remote repository using

    git remote add <name> <url>

and then push using the remote name

    git push <name>

student@mca28:~/njj/html$ git push -u origin main 
error: src refspec main does not match any
error: failed to push some refs to 'origin'
student@mca28:~/njj/html$ git branch -M main
student@mca28:~/njj/html$ git remote add origin https://github.com/muhammed-naji-ac/HTML.git
student@mca28:~/njj/html$ git push
fatal: The current branch main has no upstream branch.
To push the current branch and set the remote as upstream, use

    git push --set-upstream origin main

student@mca28:~/njj/html$ git push -u origin main 
Username for 'https://github.com': muhammed-naji-ac
Password for 'https://muhammed-naji-ac@github.com': 
To https://github.com/muhammed-naji-ac/HTML.git
 ! [rejected]        main -> main (fetch first)
error: failed to push some refs to 'https://github.com/muhammed-naji-ac/HTML.git'
hint: Updates were rejected because the remote contains work that you do
hint: not have locally. This is usually caused by another repository pushing
hint: to the same ref. You may want to first integrate the remote changes
hint: (e.g., 'git pull ...') before pushing again.
hint: See the 'Note about fast-forwards' in 'git push --help' for details.
student@mca28:~/njj/html$ git pull
warning: no common commits
remote: Enumerating objects: 9, done.
remote: Counting objects: 100% (9/9), done.
remote: Compressing objects: 100% (9/9), done.
remote: Total 9 (delta 0), reused 0 (delta 0), pack-reused 0 (from 0)
Unpacking objects: 100% (9/9), 47.41 KiB | 933.00 KiB/s, done.
From https://github.com/muhammed-naji-ac/HTML
 * [new branch]      main       -> origin/main
There is no tracking information for the current branch.
Please specify which branch you want to merge with.
See git-pull(1) for details.

    git pull <remote> <branch>

If you wish to set tracking information for this branch you can do so with:

    git branch --set-upstream-to=origin/<branch> main

student@mca28:~/njj/html$ git push -u origin main 
Username for 'https://github.com': muhammed-naji-ac
Password for 'https://muhammed-naji-ac@github.com': 
To https://github.com/muhammed-naji-ac/HTML.git
 ! [rejected]        main -> main (non-fast-forward)
error: failed to push some refs to 'https://github.com/muhammed-naji-ac/HTML.git'
hint: Updates were rejected because the tip of your current branch is behind
hint: its remote counterpart. Integrate the remote changes (e.g.
hint: 'git pull ...') before pushing again.
hint: See the 'Note about fast-forwards' in 'git push --help' for details.
student@mca28:~/njj/html$ git push -u origin main 
Username for 'https://github.com': muhammed-naji-ac
Password for 'https://muhammed-naji-ac@github.com': 
remote: Invalid username or token. Password authentication is not supported for Git operations.
fatal: Authentication failed for 'https://github.com/muhammed-naji-ac/HTML.git/'
student@mca28:~/njj/html$ git pull origin main --rebase
From https://github.com/muhammed-naji-ac/HTML
 * branch            main       -> FETCH_HEAD
First, rewinding head to replay your work on top of it...
Applying: web
student@mca28:~/njj/html$ git push -u origin main 
Username for 'https://github.com': muhammed-naji-ac 
Password for 'https://muhammed-naji-ac@github.com': 
remote: Invalid username or token. Password authentication is not supported for Git operations.
fatal: Authentication failed for 'https://github.com/muhammed-naji-ac/HTML.git/'
student@mca28:~/njj/html$ git push -u origin main 
Username for 'https://github.com': muhammed-naji-ac
Password for 'https://muhammed-naji-ac@github.com': 
Enumerating objects: 38, done.
Counting objects: 100% (38/38), done.
Delta compression using up to 12 threads
Compressing objects: 100% (37/37), done.
Writing objects: 100% (37/37), 1.79 MiB | 2.63 MiB/s, done.
Total 37 (delta 3), reused 0 (delta 0)
remote: Resolving deltas: 100% (3/3), done.
To https://github.com/muhammed-naji-ac/HTML.git
   c1a6406..c8bac7e  main -> main
Branch 'main' set up to track remote branch 'main' from 'origin'.
student@mca28:~/njj/html$ 

